error[E0133]: call to unsafe function is unsafe and requires unsafe function or block
  --> $DIR/readme.rs:11:24
   |
11 |     let at_i: *mut T = slice.get_unchecked_mut(i);
   |                        ^^^^^^^^^^^^^^^^^^^^^^^^^^ call to unsafe function
   |
   = note: consult the function's documentation for information on how to avoid undefined behavior

error[E0133]: call to unsafe function is unsafe and requires unsafe function or block
  --> $DIR/readme.rs:12:24
   |
12 |     let at_j: *mut T = slice.get_unchecked_mut(j);
   |                        ^^^^^^^^^^^^^^^^^^^^^^^^^^ call to unsafe function
   |
   = note: consult the function's documentation for information on how to avoid undefined behavior

error[E0133]: call to unsafe function is unsafe and requires unsafe function or block
  --> $DIR/readme.rs:13:5
   |
13 |     ::core::ptr::swap_nonoverlapping(at_i, at_j, 1);
   |     ^^^^^^^^^^^^^^^^^^^^^^^^^^^^^^^^^^^^^^^^^^^^^^^ call to unsafe function
   |
   = note: consult the function's documentation for information on how to avoid undefined behavior

For more information about this error, try `rustc --explain E0133`.
